---
source: hugr-mlir/tests/guppy_export_tests.rs
expression: mlir_mod.as_operation()
input_file: hugr-mlir/tests/guppy-exports/test_even_odd.json
---
module {
  hugr.module {
    func @is_even[](%arg0: !hugr<opaque "int"["arithmetic.int.types"] <6 : i64>>) -> !hugr.sum<tuple<>, tuple<>> {
      %0 = dfg input extensions [] %arg0 : (!hugr<opaque "int"["arithmetic.int.types"] <6 : i64>>) -> !hugr.sum<tuple<>, tuple<>> {
      ^bb0(%arg1: !hugr<opaque "int"["arithmetic.int.types"] <6 : i64>>):
        %1 = cfg %arg1 : (!hugr<opaque "int"["arithmetic.int.types"] <6 : i64>>) -> !hugr.sum<tuple<>, tuple<>> {
        ^bb0(%arg2: !hugr<opaque "int"["arithmetic.int.types"] <6 : i64>>):
          %2 = dfg input extensions [] %arg2 : (!hugr<opaque "int"["arithmetic.int.types"] <6 : i64>>) -> !hugr.sum<tuple<>, tuple<!hugr<opaque "int"["arithmetic.int.types"] <6 : i64>>>> {
          ^bb0(%arg3: !hugr<opaque "int"["arithmetic.int.types"] <6 : i64>>):
            const @const_32 : !hugr<opaque "int"["arithmetic.int.types"] <6 : i64>> = 0 : i6
            %7 = load_constant @const_32 : !hugr<opaque "int"["arithmetic.int.types"] <6 : i64>>
            %8 = ext_op []"ieq" %arg3, %7 : (!hugr<opaque "int"["arithmetic.int.types"] <6 : i64>>, !hugr<opaque "int"["arithmetic.int.types"] <6 : i64>>) -> !hugr.sum<tuple<>, tuple<>>
            %9 = make_tuple()
            %10 = make_tuple(%arg3 : !hugr<opaque "int"["arithmetic.int.types"] <6 : i64>>)
            %11 = conditional(%8, %9, %10 : !hugr.sum<tuple<>, tuple<>>, tuple<>, tuple<!hugr<opaque "int"["arithmetic.int.types"] <6 : i64>>>) -> !hugr.sum<tuple<>, tuple<!hugr<opaque "int"["arithmetic.int.types"] <6 : i64>>>> {
            ^bb0(%arg4: tuple<>, %arg5: tuple<!hugr<opaque "int"["arithmetic.int.types"] <6 : i64>>>):
              %12 = dfg input extensions [] %arg4, %arg5 : (tuple<>, tuple<!hugr<opaque "int"["arithmetic.int.types"] <6 : i64>>>) -> !hugr.sum<tuple<>, tuple<!hugr<opaque "int"["arithmetic.int.types"] <6 : i64>>>> {
              ^bb0(%arg6: tuple<>, %arg7: tuple<!hugr<opaque "int"["arithmetic.int.types"] <6 : i64>>>):
                %13 = tag 0 %arg6 : tuple<> -> <tuple<>, tuple<!hugr<opaque "int"["arithmetic.int.types"] <6 : i64>>>>
                output %13 : !hugr.sum<tuple<>, tuple<!hugr<opaque "int"["arithmetic.int.types"] <6 : i64>>>>
              }
              output %12 : !hugr.sum<tuple<>, tuple<!hugr<opaque "int"["arithmetic.int.types"] <6 : i64>>>>
            }, {
            ^bb0(%arg4: tuple<>, %arg5: tuple<!hugr<opaque "int"["arithmetic.int.types"] <6 : i64>>>):
              %12 = dfg input extensions [] %arg4, %arg5 : (tuple<>, tuple<!hugr<opaque "int"["arithmetic.int.types"] <6 : i64>>>) -> !hugr.sum<tuple<>, tuple<!hugr<opaque "int"["arithmetic.int.types"] <6 : i64>>>> {
              ^bb0(%arg6: tuple<>, %arg7: tuple<!hugr<opaque "int"["arithmetic.int.types"] <6 : i64>>>):
                %13 = tag 1 %arg7 : tuple<!hugr<opaque "int"["arithmetic.int.types"] <6 : i64>>> -> <tuple<>, tuple<!hugr<opaque "int"["arithmetic.int.types"] <6 : i64>>>>
                output %13 : !hugr.sum<tuple<>, tuple<!hugr<opaque "int"["arithmetic.int.types"] <6 : i64>>>>
              }
              output %12 : !hugr.sum<tuple<>, tuple<!hugr<opaque "int"["arithmetic.int.types"] <6 : i64>>>>
            }
            output %11 : !hugr.sum<tuple<>, tuple<!hugr<opaque "int"["arithmetic.int.types"] <6 : i64>>>>
          }
          switch %2 : !hugr.sum<tuple<>, tuple<!hugr<opaque "int"["arithmetic.int.types"] <6 : i64>>>> ^bb2, ^bb3
        ^bb1(%3: !hugr.sum<tuple<>, tuple<>>):  // 2 preds: ^bb2, ^bb3
          output %3 : !hugr.sum<tuple<>, tuple<>>
        ^bb2:  // pred: ^bb0
          %4:2 = dfg input extensions []  : () -> (!hugr.sum<tuple<>>, !hugr.sum<tuple<>, tuple<>>) {
            const @const_43 : !hugr.sum<tuple<>, tuple<>> = #hugr.sum<1, []> : !hugr.sum<tuple<>, tuple<>>
            %7 = load_constant @const_43 : !hugr.sum<tuple<>, tuple<>>
            %8 = make_tuple()
            %9 = tag 0 %8 : tuple<> -> <tuple<>>
            output %9, %7 : !hugr.sum<tuple<>>, !hugr.sum<tuple<>, tuple<>>
          }
          switch %4#0, %4#1 : !hugr.sum<tuple<>>, !hugr.sum<tuple<>, tuple<>> ^bb1
        ^bb3(%5: !hugr<opaque "int"["arithmetic.int.types"] <6 : i64>>):  // pred: ^bb0
          %6:2 = dfg input extensions [] %5 : (!hugr<opaque "int"["arithmetic.int.types"] <6 : i64>>) -> (!hugr.sum<tuple<>>, !hugr.sum<tuple<>, tuple<>>) {
          ^bb0(%arg3: !hugr<opaque "int"["arithmetic.int.types"] <6 : i64>>):
            const @const_48 : !hugr<opaque "int"["arithmetic.int.types"] <6 : i64>> = 1 : i6
            %7 = load_constant @const_48 : !hugr<opaque "int"["arithmetic.int.types"] <6 : i64>>
            %8 = ext_op []"isub" %arg3, %7 : (!hugr<opaque "int"["arithmetic.int.types"] <6 : i64>>, !hugr<opaque "int"["arithmetic.int.types"] <6 : i64>>) -> !hugr<opaque "int"["arithmetic.int.types"] <6 : i64>>
            %9 = call @is_odd  [](!hugr<opaque "int"["arithmetic.int.types"] <6 : i64>>) -> !hugr.sum<tuple<>, tuple<>> %8
            %10 = make_tuple()
            %11 = tag 0 %10 : tuple<> -> <tuple<>>
            output %11, %9 : !hugr.sum<tuple<>>, !hugr.sum<tuple<>, tuple<>>
          }
          switch %6#0, %6#1 : !hugr.sum<tuple<>>, !hugr.sum<tuple<>, tuple<>> ^bb1
        }
        output %1 : !hugr.sum<tuple<>, tuple<>>
      }
      output %0 : !hugr.sum<tuple<>, tuple<>>
    }
    func @is_odd[](%arg0: !hugr<opaque "int"["arithmetic.int.types"] <6 : i64>>) -> !hugr.sum<tuple<>, tuple<>> {
      %0 = dfg input extensions [] %arg0 : (!hugr<opaque "int"["arithmetic.int.types"] <6 : i64>>) -> !hugr.sum<tuple<>, tuple<>> {
      ^bb0(%arg1: !hugr<opaque "int"["arithmetic.int.types"] <6 : i64>>):
        %1 = cfg %arg1 : (!hugr<opaque "int"["arithmetic.int.types"] <6 : i64>>) -> !hugr.sum<tuple<>, tuple<>> {
        ^bb0(%arg2: !hugr<opaque "int"["arithmetic.int.types"] <6 : i64>>):
          %2 = dfg input extensions [] %arg2 : (!hugr<opaque "int"["arithmetic.int.types"] <6 : i64>>) -> !hugr.sum<tuple<>, tuple<!hugr<opaque "int"["arithmetic.int.types"] <6 : i64>>>> {
          ^bb0(%arg3: !hugr<opaque "int"["arithmetic.int.types"] <6 : i64>>):
            const @const_55 : !hugr<opaque "int"["arithmetic.int.types"] <6 : i64>> = 0 : i6
            %7 = load_constant @const_55 : !hugr<opaque "int"["arithmetic.int.types"] <6 : i64>>
            %8 = ext_op []"ieq" %arg3, %7 : (!hugr<opaque "int"["arithmetic.int.types"] <6 : i64>>, !hugr<opaque "int"["arithmetic.int.types"] <6 : i64>>) -> !hugr.sum<tuple<>, tuple<>>
            %9 = make_tuple()
            %10 = make_tuple(%arg3 : !hugr<opaque "int"["arithmetic.int.types"] <6 : i64>>)
            %11 = conditional(%8, %9, %10 : !hugr.sum<tuple<>, tuple<>>, tuple<>, tuple<!hugr<opaque "int"["arithmetic.int.types"] <6 : i64>>>) -> !hugr.sum<tuple<>, tuple<!hugr<opaque "int"["arithmetic.int.types"] <6 : i64>>>> {
            ^bb0(%arg4: tuple<>, %arg5: tuple<!hugr<opaque "int"["arithmetic.int.types"] <6 : i64>>>):
              %12 = dfg input extensions [] %arg4, %arg5 : (tuple<>, tuple<!hugr<opaque "int"["arithmetic.int.types"] <6 : i64>>>) -> !hugr.sum<tuple<>, tuple<!hugr<opaque "int"["arithmetic.int.types"] <6 : i64>>>> {
              ^bb0(%arg6: tuple<>, %arg7: tuple<!hugr<opaque "int"["arithmetic.int.types"] <6 : i64>>>):
                %13 = tag 0 %arg6 : tuple<> -> <tuple<>, tuple<!hugr<opaque "int"["arithmetic.int.types"] <6 : i64>>>>
                output %13 : !hugr.sum<tuple<>, tuple<!hugr<opaque "int"["arithmetic.int.types"] <6 : i64>>>>
              }
              output %12 : !hugr.sum<tuple<>, tuple<!hugr<opaque "int"["arithmetic.int.types"] <6 : i64>>>>
            }, {
            ^bb0(%arg4: tuple<>, %arg5: tuple<!hugr<opaque "int"["arithmetic.int.types"] <6 : i64>>>):
              %12 = dfg input extensions [] %arg4, %arg5 : (tuple<>, tuple<!hugr<opaque "int"["arithmetic.int.types"] <6 : i64>>>) -> !hugr.sum<tuple<>, tuple<!hugr<opaque "int"["arithmetic.int.types"] <6 : i64>>>> {
              ^bb0(%arg6: tuple<>, %arg7: tuple<!hugr<opaque "int"["arithmetic.int.types"] <6 : i64>>>):
                %13 = tag 1 %arg7 : tuple<!hugr<opaque "int"["arithmetic.int.types"] <6 : i64>>> -> <tuple<>, tuple<!hugr<opaque "int"["arithmetic.int.types"] <6 : i64>>>>
                output %13 : !hugr.sum<tuple<>, tuple<!hugr<opaque "int"["arithmetic.int.types"] <6 : i64>>>>
              }
              output %12 : !hugr.sum<tuple<>, tuple<!hugr<opaque "int"["arithmetic.int.types"] <6 : i64>>>>
            }
            output %11 : !hugr.sum<tuple<>, tuple<!hugr<opaque "int"["arithmetic.int.types"] <6 : i64>>>>
          }
          switch %2 : !hugr.sum<tuple<>, tuple<!hugr<opaque "int"["arithmetic.int.types"] <6 : i64>>>> ^bb2, ^bb3
        ^bb1(%3: !hugr.sum<tuple<>, tuple<>>):  // 2 preds: ^bb2, ^bb3
          output %3 : !hugr.sum<tuple<>, tuple<>>
        ^bb2:  // pred: ^bb0
          %4:2 = dfg input extensions []  : () -> (!hugr.sum<tuple<>>, !hugr.sum<tuple<>, tuple<>>) {
            const @const_66 : !hugr.sum<tuple<>, tuple<>> = #hugr.sum<0, []> : !hugr.sum<tuple<>, tuple<>>
            %7 = load_constant @const_66 : !hugr.sum<tuple<>, tuple<>>
            %8 = make_tuple()
            %9 = tag 0 %8 : tuple<> -> <tuple<>>
            output %9, %7 : !hugr.sum<tuple<>>, !hugr.sum<tuple<>, tuple<>>
          }
          switch %4#0, %4#1 : !hugr.sum<tuple<>>, !hugr.sum<tuple<>, tuple<>> ^bb1
        ^bb3(%5: !hugr<opaque "int"["arithmetic.int.types"] <6 : i64>>):  // pred: ^bb0
          %6:2 = dfg input extensions [] %5 : (!hugr<opaque "int"["arithmetic.int.types"] <6 : i64>>) -> (!hugr.sum<tuple<>>, !hugr.sum<tuple<>, tuple<>>) {
          ^bb0(%arg3: !hugr<opaque "int"["arithmetic.int.types"] <6 : i64>>):
            const @const_71 : !hugr<opaque "int"["arithmetic.int.types"] <6 : i64>> = 1 : i6
            %7 = load_constant @const_71 : !hugr<opaque "int"["arithmetic.int.types"] <6 : i64>>
            %8 = ext_op []"isub" %arg3, %7 : (!hugr<opaque "int"["arithmetic.int.types"] <6 : i64>>, !hugr<opaque "int"["arithmetic.int.types"] <6 : i64>>) -> !hugr<opaque "int"["arithmetic.int.types"] <6 : i64>>
            %9 = call @is_even  [](!hugr<opaque "int"["arithmetic.int.types"] <6 : i64>>) -> !hugr.sum<tuple<>, tuple<>> %8
            %10 = make_tuple()
            %11 = tag 0 %10 : tuple<> -> <tuple<>>
            output %11, %9 : !hugr.sum<tuple<>>, !hugr.sum<tuple<>, tuple<>>
          }
          switch %6#0, %6#1 : !hugr.sum<tuple<>>, !hugr.sum<tuple<>, tuple<>> ^bb1
        }
        output %1 : !hugr.sum<tuple<>, tuple<>>
      }
      output %0 : !hugr.sum<tuple<>, tuple<>>
    }
  }
}

