---
source: tests/guppy_export_tests.rs
expression: m.as_operation()
input_file: tests/guppy-exports/test_mutual_recursion.json
---
module {
  hugr.module {
    func @foo[](%arg0: !hugr<opaque "int"["arithmetic.int.types"] [Copyable] <6 : i64>>) -> !hugr<opaque "int"["arithmetic.int.types"] [Copyable] <6 : i64>> {
      %0 = cfg %arg0 : (!hugr<opaque "int"["arithmetic.int.types"] [Copyable] <6 : i64>>) -> !hugr<opaque "int"["arithmetic.int.types"] [Copyable] <6 : i64>> {
      ^bb0(%arg1: !hugr<opaque "int"["arithmetic.int.types"] [Copyable] <6 : i64>>):
        %1 = call @bar  [](!hugr<opaque "int"["arithmetic.int.types"] [Copyable] <6 : i64>>) -> !hugr<opaque "int"["arithmetic.int.types"] [Copyable] <6 : i64>> %arg1
        %2 = make_tuple()
        %3 = tag 0 %2 : tuple<> -> <tuple<>>
        switch %3, %1 : !hugr.sum<tuple<>>, !hugr<opaque "int"["arithmetic.int.types"] [Copyable] <6 : i64>> ^bb1
      ^bb1(%4: !hugr<opaque "int"["arithmetic.int.types"] [Copyable] <6 : i64>>):  // pred: ^bb0
        output %4 : !hugr<opaque "int"["arithmetic.int.types"] [Copyable] <6 : i64>>
      }
      output %0 : !hugr<opaque "int"["arithmetic.int.types"] [Copyable] <6 : i64>>
    }
    func @bar[](%arg0: !hugr<opaque "int"["arithmetic.int.types"] [Copyable] <6 : i64>>) -> !hugr<opaque "int"["arithmetic.int.types"] [Copyable] <6 : i64>> {
      %0 = cfg %arg0 : (!hugr<opaque "int"["arithmetic.int.types"] [Copyable] <6 : i64>>) -> !hugr<opaque "int"["arithmetic.int.types"] [Copyable] <6 : i64>> {
      ^bb0(%arg1: !hugr<opaque "int"["arithmetic.int.types"] [Copyable] <6 : i64>>):
        %1 = call @foo  [](!hugr<opaque "int"["arithmetic.int.types"] [Copyable] <6 : i64>>) -> !hugr<opaque "int"["arithmetic.int.types"] [Copyable] <6 : i64>> %arg1
        %2 = make_tuple()
        %3 = tag 0 %2 : tuple<> -> <tuple<>>
        switch %3, %1 : !hugr.sum<tuple<>>, !hugr<opaque "int"["arithmetic.int.types"] [Copyable] <6 : i64>> ^bb1
      ^bb1(%4: !hugr<opaque "int"["arithmetic.int.types"] [Copyable] <6 : i64>>):  // pred: ^bb0
        output %4 : !hugr<opaque "int"["arithmetic.int.types"] [Copyable] <6 : i64>>
      }
      output %0 : !hugr<opaque "int"["arithmetic.int.types"] [Copyable] <6 : i64>>
    }
  }
}

