---
source: tests/guppy_export_tests.rs
expression: m.as_operation()
input_file: tests/guppy-exports/test_discard.json
---
module {
  hugr.module {
    func @discard[](%arg0: !hugr<opaque "int"["arithmetic.int.types"] <6 : i64>>) {
      cfg %arg0 : (!hugr<opaque "int"["arithmetic.int.types"] <6 : i64>>) -> () {
      ^bb0(%arg1: !hugr<opaque "int"["arithmetic.int.types"] <6 : i64>>):
        %0 = make_tuple()
        %1 = tag 0 %0 : tuple<> -> <tuple<>>
        switch %1 : !hugr.sum<tuple<>> ^bb1
      ^bb1:  // pred: ^bb0
        output
      }
      output
    }
  }
}

