---
source: tests/guppy_export_tests.rs
expression: m.as_operation()
input_file: tests/guppy-exports/test_return_defined2.json
---
module {
  hugr.func @foo[](%arg0: !hugr<opaque "int"["arithmetic.int.types"] [Copyable] <6 : i64>>) -> !hugr<opaque "int"["arithmetic.int.types"] [Copyable] <6 : i64>> {
    %0 = cfg %arg0 : (!hugr<opaque "int"["arithmetic.int.types"] [Copyable] <6 : i64>>) -> !hugr<opaque "int"["arithmetic.int.types"] [Copyable] <6 : i64>> {
    ^bb0(%arg1: !hugr<opaque "int"["arithmetic.int.types"] [Copyable] <6 : i64>>):
      const @"const_Node { index: NodeIndex(17) }" : !hugr<opaque "int"["arithmetic.int.types"] [Copyable] <6 : i64>> = 5 : i6
      %1 = load_constant @"const_Node { index: NodeIndex(17) }" : !hugr<opaque "int"["arithmetic.int.types"] [Copyable] <6 : i64>>
      %2 = ext_op []"igt_s" %arg1, %1 : (!hugr<opaque "int"["arithmetic.int.types"] [Copyable] <6 : i64>>, !hugr<opaque "int"["arithmetic.int.types"] [Copyable] <6 : i64>>) -> !hugr.sum<tuple<>, tuple<>>
      %3 = make_tuple()
      %4 = make_tuple(%arg1 : !hugr<opaque "int"["arithmetic.int.types"] [Copyable] <6 : i64>>)
      %5 = conditional(%2, %3, %4 : !hugr.sum<tuple<>, tuple<>>, tuple<>, tuple<!hugr<opaque "int"["arithmetic.int.types"] [Copyable] <6 : i64>>>) -> !hugr.sum<tuple<>, tuple<!hugr<opaque "int"["arithmetic.int.types"] [Copyable] <6 : i64>>>> {
      ^bb0(%arg2: tuple<>, %arg3: tuple<!hugr<opaque "int"["arithmetic.int.types"] [Copyable] <6 : i64>>>):
        %13 = tag 0 %arg2 : tuple<> -> <tuple<>, tuple<!hugr<opaque "int"["arithmetic.int.types"] [Copyable] <6 : i64>>>>
        output %13 : !hugr.sum<tuple<>, tuple<!hugr<opaque "int"["arithmetic.int.types"] [Copyable] <6 : i64>>>>
      }, {
      ^bb0(%arg2: tuple<>, %arg3: tuple<!hugr<opaque "int"["arithmetic.int.types"] [Copyable] <6 : i64>>>):
        %13 = tag 1 %arg3 : tuple<!hugr<opaque "int"["arithmetic.int.types"] [Copyable] <6 : i64>>> -> <tuple<>, tuple<!hugr<opaque "int"["arithmetic.int.types"] [Copyable] <6 : i64>>>>
        output %13 : !hugr.sum<tuple<>, tuple<!hugr<opaque "int"["arithmetic.int.types"] [Copyable] <6 : i64>>>>
      }
      switch %5 : !hugr.sum<tuple<>, tuple<!hugr<opaque "int"["arithmetic.int.types"] [Copyable] <6 : i64>>>> ^bb2, ^bb3
    ^bb1(%6: !hugr<opaque "int"["arithmetic.int.types"] [Copyable] <6 : i64>>):  // 2 preds: ^bb2, ^bb3
      output %6 : !hugr<opaque "int"["arithmetic.int.types"] [Copyable] <6 : i64>>
    ^bb2:  // pred: ^bb0
      const @"const_Node { index: NodeIndex(28) }" : !hugr<opaque "int"["arithmetic.int.types"] [Copyable] <6 : i64>> = -19 : i6
      %7 = load_constant @"const_Node { index: NodeIndex(28) }" : !hugr<opaque "int"["arithmetic.int.types"] [Copyable] <6 : i64>>
      %8 = make_tuple()
      %9 = tag 0 %8 : tuple<> -> <tuple<>>
      switch %9, %7 : !hugr.sum<tuple<>>, !hugr<opaque "int"["arithmetic.int.types"] [Copyable] <6 : i64>> ^bb1
    ^bb3(%10: !hugr<opaque "int"["arithmetic.int.types"] [Copyable] <6 : i64>>):  // pred: ^bb0
      %11 = make_tuple()
      %12 = tag 0 %11 : tuple<> -> <tuple<>>
      switch %12, %10 : !hugr.sum<tuple<>>, !hugr<opaque "int"["arithmetic.int.types"] [Copyable] <6 : i64>> ^bb1
    }
    output %0 : !hugr<opaque "int"["arithmetic.int.types"] [Copyable] <6 : i64>>
  }
}

